Analysis & Synthesis report for Pre-Projeto
Thu Jul 11 12:37:33 2019
Quartus II 32-bit Version 13.0.1 Build 232 06/12/2013 Service Pack 1 SJ Web Edition


---------------------
; Table of Contents ;
---------------------
  1. Legal Notice
  2. Analysis & Synthesis Summary
  3. Analysis & Synthesis Settings
  4. Parallel Compilation
  5. Analysis & Synthesis Source Files Read
  6. Analysis & Synthesis Resource Usage Summary
  7. Analysis & Synthesis Resource Utilization by Entity
  8. State Machine - |Projeto|maquina:inst2|nextstate
  9. State Machine - |Projeto|maquina:inst2|state
 10. Registers Removed During Synthesis
 11. General Register Statistics
 12. Inverted Register Statistics
 13. Multiplexer Restructuring Statistics (Restructuring Performed)
 14. Port Connectivity Checks: "teclado:inst1|controlador:U0|Debouncer:d3"
 15. Port Connectivity Checks: "teclado:inst1|controlador:U0|Debouncer:d2"
 16. Port Connectivity Checks: "teclado:inst1|controlador:U0|Debouncer:d1"
 17. Port Connectivity Checks: "teclado:inst1|controlador:U0|Debouncer:d0"
 18. Port Connectivity Checks: "teclado:inst1|controlador:U0"
 19. Elapsed Time Per Partition
 20. Analysis & Synthesis Messages



----------------
; Legal Notice ;
----------------
Copyright (C) 1991-2013 Altera Corporation
Your use of Altera Corporation's design tools, logic functions 
and other software and tools, and its AMPP partner logic 
functions, and any output files from any of the foregoing 
(including device programming or simulation files), and any 
associated documentation or information are expressly subject 
to the terms and conditions of the Altera Program License 
Subscription Agreement, Altera MegaCore Function License 
Agreement, or other applicable license agreement, including, 
without limitation, that your use is for the sole purpose of 
programming logic devices manufactured by Altera and sold by 
Altera or its authorized distributors.  Please refer to the 
applicable agreement for further details.



+--------------------------------------------------------------------------------------+
; Analysis & Synthesis Summary                                                         ;
+------------------------------------+-------------------------------------------------+
; Analysis & Synthesis Status        ; Successful - Thu Jul 11 12:37:33 2019           ;
; Quartus II 32-bit Version          ; 13.0.1 Build 232 06/12/2013 SP 1 SJ Web Edition ;
; Revision Name                      ; Pre-Projeto                                     ;
; Top-level Entity Name              ; Projeto                                         ;
; Family                             ; Cyclone II                                      ;
; Total logic elements               ; 373                                             ;
;     Total combinational functions  ; 354                                             ;
;     Dedicated logic registers      ; 148                                             ;
; Total registers                    ; 148                                             ;
; Total pins                         ; 95                                              ;
; Total virtual pins                 ; 0                                               ;
; Total memory bits                  ; 0                                               ;
; Embedded Multiplier 9-bit elements ; 0                                               ;
; Total PLLs                         ; 0                                               ;
+------------------------------------+-------------------------------------------------+


+----------------------------------------------------------------------------------------------------------------------+
; Analysis & Synthesis Settings                                                                                        ;
+----------------------------------------------------------------------------+--------------------+--------------------+
; Option                                                                     ; Setting            ; Default Value      ;
+----------------------------------------------------------------------------+--------------------+--------------------+
; Device                                                                     ; EP2C35F672C6       ;                    ;
; Top-level entity name                                                      ; Projeto            ; Pre-Projeto        ;
; Family name                                                                ; Cyclone II         ; Cyclone IV GX      ;
; Verilog Show LMF Mapping Messages                                          ; Off                ;                    ;
; Verilog Version                                                            ; SystemVerilog_2005 ; Verilog_2001       ;
; Use smart compilation                                                      ; Off                ; Off                ;
; Enable parallel Assembler and TimeQuest Timing Analyzer during compilation ; On                 ; On                 ;
; Enable compact report table                                                ; Off                ; Off                ;
; Restructure Multiplexers                                                   ; Auto               ; Auto               ;
; Create Debugging Nodes for IP Cores                                        ; Off                ; Off                ;
; Preserve fewer node names                                                  ; On                 ; On                 ;
; Disable OpenCore Plus hardware evaluation                                  ; Off                ; Off                ;
; VHDL Version                                                               ; VHDL_1993          ; VHDL_1993          ;
; State Machine Processing                                                   ; Auto               ; Auto               ;
; Safe State Machine                                                         ; Off                ; Off                ;
; Extract Verilog State Machines                                             ; On                 ; On                 ;
; Extract VHDL State Machines                                                ; On                 ; On                 ;
; Ignore Verilog initial constructs                                          ; Off                ; Off                ;
; Iteration limit for constant Verilog loops                                 ; 5000               ; 5000               ;
; Iteration limit for non-constant Verilog loops                             ; 250                ; 250                ;
; Add Pass-Through Logic to Inferred RAMs                                    ; On                 ; On                 ;
; Infer RAMs from Raw Logic                                                  ; On                 ; On                 ;
; Parallel Synthesis                                                         ; On                 ; On                 ;
; DSP Block Balancing                                                        ; Auto               ; Auto               ;
; NOT Gate Push-Back                                                         ; On                 ; On                 ;
; Power-Up Don't Care                                                        ; On                 ; On                 ;
; Remove Redundant Logic Cells                                               ; Off                ; Off                ;
; Remove Duplicate Registers                                                 ; On                 ; On                 ;
; Ignore CARRY Buffers                                                       ; Off                ; Off                ;
; Ignore CASCADE Buffers                                                     ; Off                ; Off                ;
; Ignore GLOBAL Buffers                                                      ; Off                ; Off                ;
; Ignore ROW GLOBAL Buffers                                                  ; Off                ; Off                ;
; Ignore LCELL Buffers                                                       ; Off                ; Off                ;
; Ignore SOFT Buffers                                                        ; On                 ; On                 ;
; Limit AHDL Integers to 32 Bits                                             ; Off                ; Off                ;
; Optimization Technique                                                     ; Balanced           ; Balanced           ;
; Carry Chain Length                                                         ; 70                 ; 70                 ;
; Auto Carry Chains                                                          ; On                 ; On                 ;
; Auto Open-Drain Pins                                                       ; On                 ; On                 ;
; Perform WYSIWYG Primitive Resynthesis                                      ; Off                ; Off                ;
; Auto ROM Replacement                                                       ; On                 ; On                 ;
; Auto RAM Replacement                                                       ; On                 ; On                 ;
; Auto Shift Register Replacement                                            ; Auto               ; Auto               ;
; Allow Shift Register Merging across Hierarchies                            ; Auto               ; Auto               ;
; Auto Clock Enable Replacement                                              ; On                 ; On                 ;
; Strict RAM Replacement                                                     ; Off                ; Off                ;
; Allow Synchronous Control Signals                                          ; On                 ; On                 ;
; Force Use of Synchronous Clear Signals                                     ; Off                ; Off                ;
; Auto RAM to Logic Cell Conversion                                          ; Off                ; Off                ;
; Auto Resource Sharing                                                      ; Off                ; Off                ;
; Allow Any RAM Size For Recognition                                         ; Off                ; Off                ;
; Allow Any ROM Size For Recognition                                         ; Off                ; Off                ;
; Allow Any Shift Register Size For Recognition                              ; Off                ; Off                ;
; Use LogicLock Constraints during Resource Balancing                        ; On                 ; On                 ;
; Ignore translate_off and synthesis_off directives                          ; Off                ; Off                ;
; Timing-Driven Synthesis                                                    ; Off                ; Off                ;
; Report Parameter Settings                                                  ; On                 ; On                 ;
; Report Source Assignments                                                  ; On                 ; On                 ;
; Report Connectivity Checks                                                 ; On                 ; On                 ;
; Ignore Maximum Fan-Out Assignments                                         ; Off                ; Off                ;
; Synchronization Register Chain Length                                      ; 2                  ; 2                  ;
; PowerPlay Power Optimization                                               ; Normal compilation ; Normal compilation ;
; HDL message level                                                          ; Level2             ; Level2             ;
; Suppress Register Optimization Related Messages                            ; Off                ; Off                ;
; Number of Removed Registers Reported in Synthesis Report                   ; 5000               ; 5000               ;
; Number of Swept Nodes Reported in Synthesis Report                         ; 5000               ; 5000               ;
; Number of Inverted Registers Reported in Synthesis Report                  ; 100                ; 100                ;
; Clock MUX Protection                                                       ; On                 ; On                 ;
; Auto Gated Clock Conversion                                                ; Off                ; Off                ;
; Block Design Naming                                                        ; Auto               ; Auto               ;
; SDC constraint protection                                                  ; Off                ; Off                ;
; Synthesis Effort                                                           ; Auto               ; Auto               ;
; Shift Register Replacement - Allow Asynchronous Clear Signal               ; On                 ; On                 ;
; Pre-Mapping Resynthesis Optimization                                       ; Off                ; Off                ;
; Analysis & Synthesis Message Level                                         ; Medium             ; Medium             ;
; Disable Register Merging Across Hierarchies                                ; Auto               ; Auto               ;
; Resource Aware Inference For Block RAM                                     ; On                 ; On                 ;
; Synthesis Seed                                                             ; 1                  ; 1                  ;
+----------------------------------------------------------------------------+--------------------+--------------------+


Parallel compilation was disabled, but you have multiple processors available. Enable parallel compilation to reduce compilation time.
+-------------------------------------+
; Parallel Compilation                ;
+----------------------------+--------+
; Processors                 ; Number ;
+----------------------------+--------+
; Number detected on machine ; 4      ;
; Maximum allowed            ; 1      ;
+----------------------------+--------+


+--------------------------------------------------------------------------------------------------------------------------------------------------------------------------------------------------------------------+
; Analysis & Synthesis Source Files Read                                                                                                                                                                             ;
+----------------------------------+-----------------+------------------------------------+----------------------------------------------------------------------------------------------------------------+---------+
; File Name with User-Entered Path ; Used in Netlist ; File Type                          ; File Name with Absolute Path                                                                                   ; Library ;
+----------------------------------+-----------------+------------------------------------+----------------------------------------------------------------------------------------------------------------+---------+
; Pre-Projeto.bdf                  ; yes             ; User Block Diagram/Schematic File  ; /home/andre/UnB/4SEM/Lab CL/ProjetoFinal/Calculadora-Digital-com-Banco-de-Registradores/Pre-Projeto.bdf        ;         ;
; mux2.v                           ; yes             ; User Verilog HDL File              ; /home/andre/UnB/4SEM/Lab CL/ProjetoFinal/Calculadora-Digital-com-Banco-de-Registradores/mux2.v                 ;         ;
; somador.v                        ; yes             ; User Verilog HDL File              ; /home/andre/UnB/4SEM/Lab CL/ProjetoFinal/Calculadora-Digital-com-Banco-de-Registradores/somador.v              ;         ;
; somsub.bdf                       ; yes             ; User Block Diagram/Schematic File  ; /home/andre/UnB/4SEM/Lab CL/ProjetoFinal/Calculadora-Digital-com-Banco-de-Registradores/somsub.bdf             ;         ;
; mux2barramento.bdf               ; yes             ; User Block Diagram/Schematic File  ; /home/andre/UnB/4SEM/Lab CL/ProjetoFinal/Calculadora-Digital-com-Banco-de-Registradores/mux2barramento.bdf     ;         ;
; conversorbinbcd.bdf              ; yes             ; User Block Diagram/Schematic File  ; /home/andre/UnB/4SEM/Lab CL/ProjetoFinal/Calculadora-Digital-com-Banco-de-Registradores/conversorbinbcd.bdf    ;         ;
; decodificadordisplay.v           ; yes             ; User Verilog HDL File              ; /home/andre/UnB/4SEM/Lab CL/ProjetoFinal/Calculadora-Digital-com-Banco-de-Registradores/decodificadordisplay.v ;         ;
; displaynegativo.bdf              ; yes             ; User Block Diagram/Schematic File  ; /home/andre/UnB/4SEM/Lab CL/ProjetoFinal/Calculadora-Digital-com-Banco-de-Registradores/displaynegativo.bdf    ;         ;
; displayerro.bdf                  ; yes             ; User Block Diagram/Schematic File  ; /home/andre/UnB/4SEM/Lab CL/ProjetoFinal/Calculadora-Digital-com-Banco-de-Registradores/displayerro.bdf        ;         ;
; mux2barramento3_0.bdf            ; yes             ; User Block Diagram/Schematic File  ; /home/andre/UnB/4SEM/Lab CL/ProjetoFinal/Calculadora-Digital-com-Banco-de-Registradores/mux2barramento3_0.bdf  ;         ;
; mux2barramento6_0.bdf            ; yes             ; User Block Diagram/Schematic File  ; /home/andre/UnB/4SEM/Lab CL/ProjetoFinal/Calculadora-Digital-com-Banco-de-Registradores/mux2barramento6_0.bdf  ;         ;
; demmuxer.v                       ; yes             ; User Verilog HDL File              ; /home/andre/UnB/4SEM/Lab CL/ProjetoFinal/Calculadora-Digital-com-Banco-de-Registradores/demmuxer.v             ;         ;
; LetraE.v                         ; yes             ; User Verilog HDL File              ; /home/andre/UnB/4SEM/Lab CL/ProjetoFinal/Calculadora-Digital-com-Banco-de-Registradores/LetraE.v               ;         ;
; LetraR.v                         ; yes             ; User Verilog HDL File              ; /home/andre/UnB/4SEM/Lab CL/ProjetoFinal/Calculadora-Digital-com-Banco-de-Registradores/LetraR.v               ;         ;
; LetraO.v                         ; yes             ; User Verilog HDL File              ; /home/andre/UnB/4SEM/Lab CL/ProjetoFinal/Calculadora-Digital-com-Banco-de-Registradores/LetraO.v               ;         ;
; ignoraprimeirobit.bdf            ; yes             ; User Block Diagram/Schematic File  ; /home/andre/UnB/4SEM/Lab CL/ProjetoFinal/Calculadora-Digital-com-Banco-de-Registradores/ignoraprimeirobit.bdf  ;         ;
; Projeto.bdf                      ; yes             ; User Block Diagram/Schematic File  ; /home/andre/UnB/4SEM/Lab CL/ProjetoFinal/Calculadora-Digital-com-Banco-de-Registradores/Projeto.bdf            ;         ;
; maquina.v                        ; yes             ; User Verilog HDL File              ; /home/andre/UnB/4SEM/Lab CL/ProjetoFinal/Calculadora-Digital-com-Banco-de-Registradores/maquina.v              ;         ;
; 74185.bdf                        ; yes             ; Megafunction                       ; /home/andre/altera/13.0sp1/quartus/libraries/others/maxplus2/74185.bdf                                         ;         ;
; teclado.v                        ; yes             ; Auto-Found Verilog HDL File        ; /home/andre/UnB/4SEM/Lab CL/ProjetoFinal/Calculadora-Digital-com-Banco-de-Registradores/teclado.v              ;         ;
+----------------------------------+-----------------+------------------------------------+----------------------------------------------------------------------------------------------------------------+---------+


+--------------------------------------------------------+
; Analysis & Synthesis Resource Usage Summary            ;
+---------------------------------------------+----------+
; Resource                                    ; Usage    ;
+---------------------------------------------+----------+
; Estimated Total logic elements              ; 373      ;
;                                             ;          ;
; Total combinational functions               ; 354      ;
; Logic element usage by number of LUT inputs ;          ;
;     -- 4 input functions                    ; 102      ;
;     -- 3 input functions                    ; 116      ;
;     -- <=2 input functions                  ; 136      ;
;                                             ;          ;
; Logic elements by mode                      ;          ;
;     -- normal mode                          ; 240      ;
;     -- arithmetic mode                      ; 114      ;
;                                             ;          ;
; Total registers                             ; 148      ;
;     -- Dedicated logic registers            ; 148      ;
;     -- I/O registers                        ; 0        ;
;                                             ;          ;
; I/O pins                                    ; 95       ;
; Embedded Multiplier 9-bit elements          ; 0        ;
; Maximum fan-out node                        ; CLOCK_50 ;
; Maximum fan-out                             ; 148      ;
; Total fan-out                               ; 1498     ;
; Average fan-out                             ; 2.51     ;
+---------------------------------------------+----------+


+---------------------------------------------------------------------------------------------------------------------------------------------------------------------------------------------------------------------------------------------------------+
; Analysis & Synthesis Resource Utilization by Entity                                                                                                                                                                                                     ;
+------------------------------------+-------------------+--------------+-------------+--------------+---------+-----------+------+--------------+-----------------------------------------------------------------------------------------+--------------+
; Compilation Hierarchy Node         ; LC Combinationals ; LC Registers ; Memory Bits ; DSP Elements ; DSP 9x9 ; DSP 18x18 ; Pins ; Virtual Pins ; Full Hierarchy Name                                                                     ; Library Name ;
+------------------------------------+-------------------+--------------+-------------+--------------+---------+-----------+------+--------------+-----------------------------------------------------------------------------------------+--------------+
; |Projeto                           ; 354 (0)           ; 148 (0)      ; 0           ; 0            ; 0       ; 0         ; 95   ; 0            ; |Projeto                                                                                ; work         ;
;    |Pre-Projeto:inst|              ; 112 (1)           ; 0 (0)        ; 0           ; 0            ; 0       ; 0         ; 0    ; 0            ; |Projeto|Pre-Projeto:inst                                                               ; work         ;
;       |conversorbinbcd:inst21|     ; 39 (0)            ; 0 (0)        ; 0           ; 0            ; 0       ; 0         ; 0    ; 0            ; |Projeto|Pre-Projeto:inst|conversorbinbcd:inst21                                        ; work         ;
;          |74185:inst1|             ; 19 (19)           ; 0 (0)        ; 0           ; 0            ; 0       ; 0         ; 0    ; 0            ; |Projeto|Pre-Projeto:inst|conversorbinbcd:inst21|74185:inst1                            ; work         ;
;          |74185:inst2|             ; 2 (2)             ; 0 (0)        ; 0           ; 0            ; 0       ; 0         ; 0    ; 0            ; |Projeto|Pre-Projeto:inst|conversorbinbcd:inst21|74185:inst2                            ; work         ;
;          |74185:inst|              ; 18 (18)           ; 0 (0)        ; 0           ; 0            ; 0       ; 0         ; 0    ; 0            ; |Projeto|Pre-Projeto:inst|conversorbinbcd:inst21|74185:inst                             ; work         ;
;       |decoder7:inst13|            ; 7 (7)             ; 0 (0)        ; 0           ; 0            ; 0       ; 0         ; 0    ; 0            ; |Projeto|Pre-Projeto:inst|decoder7:inst13                                               ; work         ;
;       |decoder7:inst8|             ; 7 (7)             ; 0 (0)        ; 0           ; 0            ; 0       ; 0         ; 0    ; 0            ; |Projeto|Pre-Projeto:inst|decoder7:inst8                                                ; work         ;
;       |decoder7:inst9|             ; 3 (3)             ; 0 (0)        ; 0           ; 0            ; 0       ; 0         ; 0    ; 0            ; |Projeto|Pre-Projeto:inst|decoder7:inst9                                                ; work         ;
;       |mux2barramento3_0:inst23|   ; 1 (0)             ; 0 (0)        ; 0           ; 0            ; 0       ; 0         ; 0    ; 0            ; |Projeto|Pre-Projeto:inst|mux2barramento3_0:inst23                                      ; work         ;
;          |mux2:inst6|              ; 1 (1)             ; 0 (0)        ; 0           ; 0            ; 0       ; 0         ; 0    ; 0            ; |Projeto|Pre-Projeto:inst|mux2barramento3_0:inst23|mux2:inst6                           ; work         ;
;       |mux2barramento6_0:inst1gg8| ; 10 (0)            ; 0 (0)        ; 0           ; 0            ; 0       ; 0         ; 0    ; 0            ; |Projeto|Pre-Projeto:inst|mux2barramento6_0:inst1gg8                                    ; work         ;
;          |mux2barramento3_0:inst1| ; 1 (0)             ; 0 (0)        ; 0           ; 0            ; 0       ; 0         ; 0    ; 0            ; |Projeto|Pre-Projeto:inst|mux2barramento6_0:inst1gg8|mux2barramento3_0:inst1            ; work         ;
;             |mux2:inst5|           ; 1 (1)             ; 0 (0)        ; 0           ; 0            ; 0       ; 0         ; 0    ; 0            ; |Projeto|Pre-Projeto:inst|mux2barramento6_0:inst1gg8|mux2barramento3_0:inst1|mux2:inst5 ; work         ;
;          |mux2barramento3_0:inst|  ; 9 (0)             ; 0 (0)        ; 0           ; 0            ; 0       ; 0         ; 0    ; 0            ; |Projeto|Pre-Projeto:inst|mux2barramento6_0:inst1gg8|mux2barramento3_0:inst             ; work         ;
;             |mux2:inst1|           ; 1 (1)             ; 0 (0)        ; 0           ; 0            ; 0       ; 0         ; 0    ; 0            ; |Projeto|Pre-Projeto:inst|mux2barramento6_0:inst1gg8|mux2barramento3_0:inst|mux2:inst1  ; work         ;
;             |mux2:inst2|           ; 1 (1)             ; 0 (0)        ; 0           ; 0            ; 0       ; 0         ; 0    ; 0            ; |Projeto|Pre-Projeto:inst|mux2barramento6_0:inst1gg8|mux2barramento3_0:inst|mux2:inst2  ; work         ;
;             |mux2:inst3|           ; 2 (2)             ; 0 (0)        ; 0           ; 0            ; 0       ; 0         ; 0    ; 0            ; |Projeto|Pre-Projeto:inst|mux2barramento6_0:inst1gg8|mux2barramento3_0:inst|mux2:inst3  ; work         ;
;             |mux2:inst4|           ; 2 (2)             ; 0 (0)        ; 0           ; 0            ; 0       ; 0         ; 0    ; 0            ; |Projeto|Pre-Projeto:inst|mux2barramento6_0:inst1gg8|mux2barramento3_0:inst|mux2:inst4  ; work         ;
;             |mux2:inst5|           ; 1 (1)             ; 0 (0)        ; 0           ; 0            ; 0       ; 0         ; 0    ; 0            ; |Projeto|Pre-Projeto:inst|mux2barramento6_0:inst1gg8|mux2barramento3_0:inst|mux2:inst5  ; work         ;
;             |mux2:inst6|           ; 1 (1)             ; 0 (0)        ; 0           ; 0            ; 0       ; 0         ; 0    ; 0            ; |Projeto|Pre-Projeto:inst|mux2barramento6_0:inst1gg8|mux2barramento3_0:inst|mux2:inst6  ; work         ;
;             |mux2:inst|            ; 1 (1)             ; 0 (0)        ; 0           ; 0            ; 0       ; 0         ; 0    ; 0            ; |Projeto|Pre-Projeto:inst|mux2barramento6_0:inst1gg8|mux2barramento3_0:inst|mux2:inst   ; work         ;
;       |mux2barramento6_0:inst24|   ; 21 (0)            ; 0 (0)        ; 0           ; 0            ; 0       ; 0         ; 0    ; 0            ; |Projeto|Pre-Projeto:inst|mux2barramento6_0:inst24                                      ; work         ;
;          |mux2barramento3_0:inst1| ; 9 (0)             ; 0 (0)        ; 0           ; 0            ; 0       ; 0         ; 0    ; 0            ; |Projeto|Pre-Projeto:inst|mux2barramento6_0:inst24|mux2barramento3_0:inst1              ; work         ;
;             |mux2:inst1|           ; 2 (2)             ; 0 (0)        ; 0           ; 0            ; 0       ; 0         ; 0    ; 0            ; |Projeto|Pre-Projeto:inst|mux2barramento6_0:inst24|mux2barramento3_0:inst1|mux2:inst1   ; work         ;
;             |mux2:inst2|           ; 1 (1)             ; 0 (0)        ; 0           ; 0            ; 0       ; 0         ; 0    ; 0            ; |Projeto|Pre-Projeto:inst|mux2barramento6_0:inst24|mux2barramento3_0:inst1|mux2:inst2   ; work         ;
;             |mux2:inst3|           ; 1 (1)             ; 0 (0)        ; 0           ; 0            ; 0       ; 0         ; 0    ; 0            ; |Projeto|Pre-Projeto:inst|mux2barramento6_0:inst24|mux2barramento3_0:inst1|mux2:inst3   ; work         ;
;             |mux2:inst4|           ; 1 (1)             ; 0 (0)        ; 0           ; 0            ; 0       ; 0         ; 0    ; 0            ; |Projeto|Pre-Projeto:inst|mux2barramento6_0:inst24|mux2barramento3_0:inst1|mux2:inst4   ; work         ;
;             |mux2:inst5|           ; 1 (1)             ; 0 (0)        ; 0           ; 0            ; 0       ; 0         ; 0    ; 0            ; |Projeto|Pre-Projeto:inst|mux2barramento6_0:inst24|mux2barramento3_0:inst1|mux2:inst5   ; work         ;
;             |mux2:inst6|           ; 2 (2)             ; 0 (0)        ; 0           ; 0            ; 0       ; 0         ; 0    ; 0            ; |Projeto|Pre-Projeto:inst|mux2barramento6_0:inst24|mux2barramento3_0:inst1|mux2:inst6   ; work         ;
;             |mux2:inst|            ; 1 (1)             ; 0 (0)        ; 0           ; 0            ; 0       ; 0         ; 0    ; 0            ; |Projeto|Pre-Projeto:inst|mux2barramento6_0:inst24|mux2barramento3_0:inst1|mux2:inst    ; work         ;
;          |mux2barramento3_0:inst2| ; 8 (0)             ; 0 (0)        ; 0           ; 0            ; 0       ; 0         ; 0    ; 0            ; |Projeto|Pre-Projeto:inst|mux2barramento6_0:inst24|mux2barramento3_0:inst2              ; work         ;
;             |mux2:inst1|           ; 1 (1)             ; 0 (0)        ; 0           ; 0            ; 0       ; 0         ; 0    ; 0            ; |Projeto|Pre-Projeto:inst|mux2barramento6_0:inst24|mux2barramento3_0:inst2|mux2:inst1   ; work         ;
;             |mux2:inst2|           ; 2 (2)             ; 0 (0)        ; 0           ; 0            ; 0       ; 0         ; 0    ; 0            ; |Projeto|Pre-Projeto:inst|mux2barramento6_0:inst24|mux2barramento3_0:inst2|mux2:inst2   ; work         ;
;             |mux2:inst3|           ; 1 (1)             ; 0 (0)        ; 0           ; 0            ; 0       ; 0         ; 0    ; 0            ; |Projeto|Pre-Projeto:inst|mux2barramento6_0:inst24|mux2barramento3_0:inst2|mux2:inst3   ; work         ;
;             |mux2:inst4|           ; 1 (1)             ; 0 (0)        ; 0           ; 0            ; 0       ; 0         ; 0    ; 0            ; |Projeto|Pre-Projeto:inst|mux2barramento6_0:inst24|mux2barramento3_0:inst2|mux2:inst4   ; work         ;
;             |mux2:inst5|           ; 1 (1)             ; 0 (0)        ; 0           ; 0            ; 0       ; 0         ; 0    ; 0            ; |Projeto|Pre-Projeto:inst|mux2barramento6_0:inst24|mux2barramento3_0:inst2|mux2:inst5   ; work         ;
;             |mux2:inst6|           ; 1 (1)             ; 0 (0)        ; 0           ; 0            ; 0       ; 0         ; 0    ; 0            ; |Projeto|Pre-Projeto:inst|mux2barramento6_0:inst24|mux2barramento3_0:inst2|mux2:inst6   ; work         ;
;             |mux2:inst|            ; 1 (1)             ; 0 (0)        ; 0           ; 0            ; 0       ; 0         ; 0    ; 0            ; |Projeto|Pre-Projeto:inst|mux2barramento6_0:inst24|mux2barramento3_0:inst2|mux2:inst    ; work         ;
;          |mux2barramento3_0:inst|  ; 4 (0)             ; 0 (0)        ; 0           ; 0            ; 0       ; 0         ; 0    ; 0            ; |Projeto|Pre-Projeto:inst|mux2barramento6_0:inst24|mux2barramento3_0:inst               ; work         ;
;             |mux2:inst4|           ; 1 (1)             ; 0 (0)        ; 0           ; 0            ; 0       ; 0         ; 0    ; 0            ; |Projeto|Pre-Projeto:inst|mux2barramento6_0:inst24|mux2barramento3_0:inst|mux2:inst4    ; work         ;
;             |mux2:inst5|           ; 2 (2)             ; 0 (0)        ; 0           ; 0            ; 0       ; 0         ; 0    ; 0            ; |Projeto|Pre-Projeto:inst|mux2barramento6_0:inst24|mux2barramento3_0:inst|mux2:inst5    ; work         ;
;             |mux2:inst6|           ; 1 (1)             ; 0 (0)        ; 0           ; 0            ; 0       ; 0         ; 0    ; 0            ; |Projeto|Pre-Projeto:inst|mux2barramento6_0:inst24|mux2barramento3_0:inst|mux2:inst6    ; work         ;
;       |mux2barramento:inst6|       ; 5 (0)             ; 0 (0)        ; 0           ; 0            ; 0       ; 0         ; 0    ; 0            ; |Projeto|Pre-Projeto:inst|mux2barramento:inst6                                          ; work         ;
;          |mux2:inst1|              ; 1 (1)             ; 0 (0)        ; 0           ; 0            ; 0       ; 0         ; 0    ; 0            ; |Projeto|Pre-Projeto:inst|mux2barramento:inst6|mux2:inst1                               ; work         ;
;          |mux2:inst2|              ; 1 (1)             ; 0 (0)        ; 0           ; 0            ; 0       ; 0         ; 0    ; 0            ; |Projeto|Pre-Projeto:inst|mux2barramento:inst6|mux2:inst2                               ; work         ;
;          |mux2:inst3|              ; 1 (1)             ; 0 (0)        ; 0           ; 0            ; 0       ; 0         ; 0    ; 0            ; |Projeto|Pre-Projeto:inst|mux2barramento:inst6|mux2:inst3                               ; work         ;
;          |mux2:inst4|              ; 1 (1)             ; 0 (0)        ; 0           ; 0            ; 0       ; 0         ; 0    ; 0            ; |Projeto|Pre-Projeto:inst|mux2barramento:inst6|mux2:inst4                               ; work         ;
;          |mux2:inst5|              ; 1 (1)             ; 0 (0)        ; 0           ; 0            ; 0       ; 0         ; 0    ; 0            ; |Projeto|Pre-Projeto:inst|mux2barramento:inst6|mux2:inst5                               ; work         ;
;       |somsub:inst1|               ; 3 (0)             ; 0 (0)        ; 0           ; 0            ; 0       ; 0         ; 0    ; 0            ; |Projeto|Pre-Projeto:inst|somsub:inst1                                                  ; work         ;
;          |somador:inst2|           ; 1 (1)             ; 0 (0)        ; 0           ; 0            ; 0       ; 0         ; 0    ; 0            ; |Projeto|Pre-Projeto:inst|somsub:inst1|somador:inst2                                    ; work         ;
;          |somador:inst6|           ; 2 (2)             ; 0 (0)        ; 0           ; 0            ; 0       ; 0         ; 0    ; 0            ; |Projeto|Pre-Projeto:inst|somsub:inst1|somador:inst6                                    ; work         ;
;       |somsub:inst|                ; 15 (0)            ; 0 (0)        ; 0           ; 0            ; 0       ; 0         ; 0    ; 0            ; |Projeto|Pre-Projeto:inst|somsub:inst                                                   ; work         ;
;          |mux2:inst10|             ; 1 (1)             ; 0 (0)        ; 0           ; 0            ; 0       ; 0         ; 0    ; 0            ; |Projeto|Pre-Projeto:inst|somsub:inst|mux2:inst10                                       ; work         ;
;          |mux2:inst11|             ; 1 (1)             ; 0 (0)        ; 0           ; 0            ; 0       ; 0         ; 0    ; 0            ; |Projeto|Pre-Projeto:inst|somsub:inst|mux2:inst11                                       ; work         ;
;          |mux2:inst12|             ; 1 (1)             ; 0 (0)        ; 0           ; 0            ; 0       ; 0         ; 0    ; 0            ; |Projeto|Pre-Projeto:inst|somsub:inst|mux2:inst12                                       ; work         ;
;          |somador:inst1|           ; 8 (8)             ; 0 (0)        ; 0           ; 0            ; 0       ; 0         ; 0    ; 0            ; |Projeto|Pre-Projeto:inst|somsub:inst|somador:inst1                                     ; work         ;
;          |somador:inst3|           ; 3 (3)             ; 0 (0)        ; 0           ; 0            ; 0       ; 0         ; 0    ; 0            ; |Projeto|Pre-Projeto:inst|somsub:inst|somador:inst3                                     ; work         ;
;          |somador:inst8|           ; 1 (1)             ; 0 (0)        ; 0           ; 0            ; 0       ; 0         ; 0    ; 0            ; |Projeto|Pre-Projeto:inst|somsub:inst|somador:inst8                                     ; work         ;
;    |maquina:inst2|                 ; 15 (15)           ; 20 (20)      ; 0           ; 0            ; 0       ; 0         ; 0    ; 0            ; |Projeto|maquina:inst2                                                                  ; work         ;
;    |teclado:inst1|                 ; 227 (0)           ; 128 (0)      ; 0           ; 0            ; 0       ; 0         ; 0    ; 0            ; |Projeto|teclado:inst1                                                                  ; work         ;
;       |controlador:U0|             ; 227 (59)          ; 128 (40)     ; 0           ; 0            ; 0       ; 0         ; 0    ; 0            ; |Projeto|teclado:inst1|controlador:U0                                                   ; work         ;
;          |Debouncer:d0|            ; 42 (42)           ; 22 (22)      ; 0           ; 0            ; 0       ; 0         ; 0    ; 0            ; |Projeto|teclado:inst1|controlador:U0|Debouncer:d0                                      ; work         ;
;          |Debouncer:d1|            ; 42 (42)           ; 22 (22)      ; 0           ; 0            ; 0       ; 0         ; 0    ; 0            ; |Projeto|teclado:inst1|controlador:U0|Debouncer:d1                                      ; work         ;
;          |Debouncer:d2|            ; 42 (42)           ; 22 (22)      ; 0           ; 0            ; 0       ; 0         ; 0    ; 0            ; |Projeto|teclado:inst1|controlador:U0|Debouncer:d2                                      ; work         ;
;          |Debouncer:d3|            ; 42 (42)           ; 22 (22)      ; 0           ; 0            ; 0       ; 0         ; 0    ; 0            ; |Projeto|teclado:inst1|controlador:U0|Debouncer:d3                                      ; work         ;
+------------------------------------+-------------------+--------------+-------------+--------------+---------+-----------+------+--------------+-----------------------------------------------------------------------------------------+--------------+
Note: For table entries with two numbers listed, the numbers in parentheses indicate the number of resources of the given type used by the specific entity alone. The numbers listed outside of parentheses indicate the total resources of the given type used by the specific entity and all of its sub-entities in the hierarchy.


Encoding Type:  One-Hot
+-------------------------------------------------------------------------------------------------------------------------------------------------+
; State Machine - |Projeto|maquina:inst2|nextstate                                                                                                ;
+----------------------------+---------------------+---------------------+---------------------+---------------------+----------------------------+
; Name                       ; nextstate.ESPERA_B0 ; nextstate.ENTRADA_B ; nextstate.ESPERA_A0 ; nextstate.ENTRADA_A ; nextstate.MOSTRA_RESULTADO ;
+----------------------------+---------------------+---------------------+---------------------+---------------------+----------------------------+
; nextstate.ENTRADA_A        ; 0                   ; 0                   ; 0                   ; 0                   ; 0                          ;
; nextstate.ESPERA_A0        ; 0                   ; 0                   ; 1                   ; 1                   ; 0                          ;
; nextstate.ENTRADA_B        ; 0                   ; 1                   ; 0                   ; 1                   ; 0                          ;
; nextstate.ESPERA_B0        ; 1                   ; 0                   ; 0                   ; 1                   ; 0                          ;
; nextstate.MOSTRA_RESULTADO ; 0                   ; 0                   ; 0                   ; 1                   ; 1                          ;
+----------------------------+---------------------+---------------------+---------------------+---------------------+----------------------------+


Encoding Type:  One-Hot
+-------------------------------------------------------------------------------------------------------------------------+
; State Machine - |Projeto|maquina:inst2|state                                                                            ;
+------------------------+-----------------+-----------------+-----------------+-----------------+------------------------+
; Name                   ; state.ESPERA_B0 ; state.ENTRADA_B ; state.ESPERA_A0 ; state.ENTRADA_A ; state.MOSTRA_RESULTADO ;
+------------------------+-----------------+-----------------+-----------------+-----------------+------------------------+
; state.ENTRADA_A        ; 0               ; 0               ; 0               ; 0               ; 0                      ;
; state.ESPERA_A0        ; 0               ; 0               ; 1               ; 1               ; 0                      ;
; state.ENTRADA_B        ; 0               ; 1               ; 0               ; 1               ; 0                      ;
; state.ESPERA_B0        ; 1               ; 0               ; 0               ; 1               ; 0                      ;
; state.MOSTRA_RESULTADO ; 0               ; 0               ; 0               ; 1               ; 1                      ;
+------------------------+-----------------+-----------------+-----------------+-----------------+------------------------+


+---------------------------------------------------------------------------------+
; Registers Removed During Synthesis                                              ;
+----------------------------------------+----------------------------------------+
; Register name                          ; Reason for Removal                     ;
+----------------------------------------+----------------------------------------+
; maquina:inst2|saidaA[4..7]             ; Stuck at GND due to stuck port data_in ;
; maquina:inst2|saidaB[4..7]             ; Stuck at GND due to stuck port data_in ;
; maquina:inst2|nextstate~2              ; Lost fanout                            ;
; maquina:inst2|nextstate~3              ; Lost fanout                            ;
; maquina:inst2|state~4                  ; Lost fanout                            ;
; maquina:inst2|state~5                  ; Lost fanout                            ;
; Total Number of Removed Registers = 12 ;                                        ;
+----------------------------------------+----------------------------------------+


+------------------------------------------------------+
; General Register Statistics                          ;
+----------------------------------------------+-------+
; Statistic                                    ; Value ;
+----------------------------------------------+-------+
; Total registers                              ; 148   ;
; Number of registers using Synchronous Clear  ; 32    ;
; Number of registers using Synchronous Load   ; 0     ;
; Number of registers using Asynchronous Clear ; 15    ;
; Number of registers using Asynchronous Load  ; 0     ;
; Number of registers using Clock Enable       ; 97    ;
; Number of registers using Preset             ; 0     ;
+----------------------------------------------+-------+


+--------------------------------------------------+
; Inverted Register Statistics                     ;
+----------------------------------------+---------+
; Inverted Register                      ; Fan out ;
+----------------------------------------+---------+
; teclado:inst1|controlador:U0|linha[0]  ; 3       ;
; Total number of inverted registers = 1 ;         ;
+----------------------------------------+---------+


+-----------------------------------------------------------------------------------------------------------------------------------------------------------------------------------------------------------+
; Multiplexer Restructuring Statistics (Restructuring Performed)                                                                                                                                            ;
+--------------------+-----------+---------------+----------------------+------------------------+------------+---------------------------------------------------------------------------------------------+
; Multiplexer Inputs ; Bus Width ; Baseline Area ; Area if Restructured ; Saving if Restructured ; Registered ; Example Multiplexer Output                                                                  ;
+--------------------+-----------+---------------+----------------------+------------------------+------------+---------------------------------------------------------------------------------------------+
; 3:1                ; 19 bits   ; 38 LEs        ; 19 LEs               ; 19 LEs                 ; Yes        ; |Projeto|teclado:inst1|controlador:U0|Debouncer:d0|Counter[14]                              ;
; 3:1                ; 19 bits   ; 38 LEs        ; 19 LEs               ; 19 LEs                 ; Yes        ; |Projeto|teclado:inst1|controlador:U0|Debouncer:d1|Counter[14]                              ;
; 3:1                ; 19 bits   ; 38 LEs        ; 19 LEs               ; 19 LEs                 ; Yes        ; |Projeto|teclado:inst1|controlador:U0|Debouncer:d2|Counter[11]                              ;
; 3:1                ; 19 bits   ; 38 LEs        ; 19 LEs               ; 19 LEs                 ; Yes        ; |Projeto|teclado:inst1|controlador:U0|Debouncer:d3|Counter[2]                               ;
; 256:1              ; 4 bits    ; 680 LEs       ; 40 LEs               ; 640 LEs                ; Yes        ; |Projeto|teclado:inst1|controlador:U0|tecla[1]                                              ;
; 3:1                ; 19 bits   ; 38 LEs        ; 38 LEs               ; 0 LEs                  ; No         ; |Projeto|Pre-Projeto:inst|mux2barramento6_0:inst24|mux2barramento3_0:inst2|mux2:inst4|saida ;
+--------------------+-----------+---------------+----------------------+------------------------+------------+---------------------------------------------------------------------------------------------+


+-----------------------------------------------------------------------+
; Port Connectivity Checks: "teclado:inst1|controlador:U0|Debouncer:d3" ;
+--------+--------+----------+------------------------------------------+
; Port   ; Type   ; Severity ; Details                                  ;
+--------+--------+----------+------------------------------------------+
; oPulse ; Output ; Info     ; Explicitly unconnected                   ;
+--------+--------+----------+------------------------------------------+


+-----------------------------------------------------------------------+
; Port Connectivity Checks: "teclado:inst1|controlador:U0|Debouncer:d2" ;
+--------+--------+----------+------------------------------------------+
; Port   ; Type   ; Severity ; Details                                  ;
+--------+--------+----------+------------------------------------------+
; oPulse ; Output ; Info     ; Explicitly unconnected                   ;
+--------+--------+----------+------------------------------------------+


+-----------------------------------------------------------------------+
; Port Connectivity Checks: "teclado:inst1|controlador:U0|Debouncer:d1" ;
+--------+--------+----------+------------------------------------------+
; Port   ; Type   ; Severity ; Details                                  ;
+--------+--------+----------+------------------------------------------+
; oPulse ; Output ; Info     ; Explicitly unconnected                   ;
+--------+--------+----------+------------------------------------------+


+-----------------------------------------------------------------------+
; Port Connectivity Checks: "teclado:inst1|controlador:U0|Debouncer:d0" ;
+--------+--------+----------+------------------------------------------+
; Port   ; Type   ; Severity ; Details                                  ;
+--------+--------+----------+------------------------------------------+
; oPulse ; Output ; Info     ; Explicitly unconnected                   ;
+--------+--------+----------+------------------------------------------+


+---------------------------------------------------------------------------------------------------------------------------------------------------------------------------------------------------+
; Port Connectivity Checks: "teclado:inst1|controlador:U0"                                                                                                                                          ;
+-------+--------+----------+-----------------------------------------------------------------------------------------------------------------------------------------------------------------------+
; Port  ; Type   ; Severity ; Details                                                                                                                                                               ;
+-------+--------+----------+-----------------------------------------------------------------------------------------------------------------------------------------------------------------------+
; tecla ; Output ; Warning  ; Output or bidir port (4 bits) is smaller than the port expression (8 bits) it drives.  The 4 most-significant bit(s) in the port expression will be connected to GND. ;
+-------+--------+----------+-----------------------------------------------------------------------------------------------------------------------------------------------------------------------+


+-------------------------------+
; Elapsed Time Per Partition    ;
+----------------+--------------+
; Partition Name ; Elapsed Time ;
+----------------+--------------+
; Top            ; 00:00:02     ;
+----------------+--------------+


+-------------------------------+
; Analysis & Synthesis Messages ;
+-------------------------------+
Info: *******************************************************************
Info: Running Quartus II 32-bit Analysis & Synthesis
    Info: Version 13.0.1 Build 232 06/12/2013 Service Pack 1 SJ Web Edition
    Info: Processing started: Thu Jul 11 12:37:28 2019
Info: Command: quartus_map --read_settings_files=on --write_settings_files=off Pre-Projeto -c Pre-Projeto
Warning (20028): Parallel compilation is not licensed and has been disabled
Info (12021): Found 1 design units, including 1 entities, in source file Pre-Projeto.bdf
    Info (12023): Found entity 1: Pre-Projeto
Info (12021): Found 1 design units, including 1 entities, in source file mux2.v
    Info (12023): Found entity 1: mux2
Info (12021): Found 1 design units, including 1 entities, in source file somador.v
    Info (12023): Found entity 1: somador
Info (12021): Found 1 design units, including 1 entities, in source file somsub.bdf
    Info (12023): Found entity 1: somsub
Info (12021): Found 1 design units, including 1 entities, in source file mux2barramento.bdf
    Info (12023): Found entity 1: mux2barramento
Info (12021): Found 1 design units, including 1 entities, in source file conversorbinbcd.bdf
    Info (12023): Found entity 1: conversorbinbcd
Info (12021): Found 1 design units, including 1 entities, in source file decodificadordisplay.v
    Info (12023): Found entity 1: decoder7
Info (12021): Found 1 design units, including 1 entities, in source file displaynegativo.bdf
    Info (12023): Found entity 1: displaynegativo
Info (12021): Found 1 design units, including 1 entities, in source file displayerro.bdf
    Info (12023): Found entity 1: displayerro
Info (12021): Found 1 design units, including 1 entities, in source file mux2barramento3_0.bdf
    Info (12023): Found entity 1: mux2barramento3_0
Info (12021): Found 1 design units, including 1 entities, in source file mux2barramento6_0.bdf
    Info (12023): Found entity 1: mux2barramento6_0
Info (12021): Found 1 design units, including 1 entities, in source file demmuxer.v
    Info (12023): Found entity 1: demuxer
Info (12021): Found 1 design units, including 1 entities, in source file LetraE.v
    Info (12023): Found entity 1: LetraE
Info (12021): Found 1 design units, including 1 entities, in source file LetraR.v
    Info (12023): Found entity 1: LetraR
Info (12021): Found 1 design units, including 1 entities, in source file LetraO.v
    Info (12023): Found entity 1: LetraO
Info (12021): Found 1 design units, including 1 entities, in source file ignoraprimeirobit.bdf
    Info (12023): Found entity 1: ignoraprimeirobit
Info (12021): Found 1 design units, including 1 entities, in source file Projeto.bdf
    Info (12023): Found entity 1: Projeto
Info (12021): Found 1 design units, including 1 entities, in source file maquina.v
    Info (12023): Found entity 1: maquina
Warning (12019): Can't analyze file -- file DECtoBindecoder_LSD.v is missing
Warning (12019): Can't analyze file -- file DECtoBINdecoder_LSD.v is missing
Info (12021): Found 1 design units, including 1 entities, in source file DECtoBIN.v
    Info (12023): Found entity 1: DECtoBIN
Info (12127): Elaborating entity "Projeto" for the top level hierarchy
Info (12128): Elaborating entity "Pre-Projeto" for hierarchy "Pre-Projeto:inst"
Info (12128): Elaborating entity "mux2barramento6_0" for hierarchy "Pre-Projeto:inst|mux2barramento6_0:inst24"
Info (12128): Elaborating entity "mux2barramento3_0" for hierarchy "Pre-Projeto:inst|mux2barramento6_0:inst24|mux2barramento3_0:inst2"
Info (12128): Elaborating entity "mux2" for hierarchy "Pre-Projeto:inst|mux2barramento6_0:inst24|mux2barramento3_0:inst2|mux2:inst"
Info (12128): Elaborating entity "decoder7" for hierarchy "Pre-Projeto:inst|decoder7:inst26"
Info (12128): Elaborating entity "conversorbinbcd" for hierarchy "Pre-Projeto:inst|conversorbinbcd:inst25"
Info (12128): Elaborating entity "74185" for hierarchy "Pre-Projeto:inst|conversorbinbcd:inst25|74185:inst1"
Info (12130): Elaborated megafunction instantiation "Pre-Projeto:inst|conversorbinbcd:inst25|74185:inst1"
Info (12128): Elaborating entity "ignoraprimeirobit" for hierarchy "Pre-Projeto:inst|ignoraprimeirobit:inst19"
Info (12128): Elaborating entity "somsub" for hierarchy "Pre-Projeto:inst|somsub:inst"
Info (12128): Elaborating entity "somador" for hierarchy "Pre-Projeto:inst|somsub:inst|somador:inst7"
Info (12128): Elaborating entity "mux2barramento" for hierarchy "Pre-Projeto:inst|mux2barramento:inst6"
Info (12128): Elaborating entity "displayerro" for hierarchy "Pre-Projeto:inst|displayerro:inst256"
Info (12128): Elaborating entity "LetraE" for hierarchy "Pre-Projeto:inst|displayerro:inst256|LetraE:inst"
Info (12128): Elaborating entity "LetraR" for hierarchy "Pre-Projeto:inst|displayerro:inst256|LetraR:inst1"
Info (12128): Elaborating entity "LetraO" for hierarchy "Pre-Projeto:inst|displayerro:inst256|LetraO:inst3"
Info (12128): Elaborating entity "demuxer" for hierarchy "Pre-Projeto:inst|demuxer:inst452"
Info (12128): Elaborating entity "displaynegativo" for hierarchy "Pre-Projeto:inst|displaynegativo:inst16"
Info (12128): Elaborating entity "maquina" for hierarchy "maquina:inst2"
Warning (10230): Verilog HDL assignment warning at maquina.v(34): truncated value with size 32 to match size of target (1)
Warning (12125): Using design file teclado.v, which is not specified as a design file for the current project, but contains definitions for 3 design units and 3 entities in project
    Info (12023): Found entity 1: teclado
    Info (12023): Found entity 2: controlador
    Info (12023): Found entity 3: Debouncer
Info (12128): Elaborating entity "teclado" for hierarchy "teclado:inst1"
Info (12128): Elaborating entity "controlador" for hierarchy "teclado:inst1|controlador:U0"
Warning (10230): Verilog HDL assignment warning at teclado.v(44): truncated value with size 8 to match size of target (4)
Warning (10230): Verilog HDL assignment warning at teclado.v(70): truncated value with size 8 to match size of target (4)
Warning (10230): Verilog HDL assignment warning at teclado.v(71): truncated value with size 8 to match size of target (4)
Warning (10230): Verilog HDL assignment warning at teclado.v(72): truncated value with size 8 to match size of target (4)
Warning (10230): Verilog HDL assignment warning at teclado.v(73): truncated value with size 8 to match size of target (4)
Warning (10230): Verilog HDL assignment warning at teclado.v(75): truncated value with size 8 to match size of target (4)
Warning (10230): Verilog HDL assignment warning at teclado.v(76): truncated value with size 8 to match size of target (4)
Warning (10230): Verilog HDL assignment warning at teclado.v(77): truncated value with size 8 to match size of target (4)
Warning (10230): Verilog HDL assignment warning at teclado.v(78): truncated value with size 8 to match size of target (4)
Warning (10230): Verilog HDL assignment warning at teclado.v(80): truncated value with size 8 to match size of target (4)
Warning (10230): Verilog HDL assignment warning at teclado.v(81): truncated value with size 8 to match size of target (4)
Warning (10230): Verilog HDL assignment warning at teclado.v(82): truncated value with size 8 to match size of target (4)
Warning (10230): Verilog HDL assignment warning at teclado.v(83): truncated value with size 8 to match size of target (4)
Warning (10230): Verilog HDL assignment warning at teclado.v(85): truncated value with size 8 to match size of target (4)
Warning (10230): Verilog HDL assignment warning at teclado.v(86): truncated value with size 8 to match size of target (4)
Warning (10230): Verilog HDL assignment warning at teclado.v(87): truncated value with size 8 to match size of target (4)
Warning (10230): Verilog HDL assignment warning at teclado.v(88): truncated value with size 8 to match size of target (4)
Info (12128): Elaborating entity "Debouncer" for hierarchy "teclado:inst1|controlador:U0|Debouncer:d0"
Warning (12241): 1 hierarchies have connectivity warnings - see the Connectivity Checks report folder
Warning (13024): Output pins are stuck at VCC or GND
    Warning (13410): Pin "HEX3[2]" is stuck at VCC
    Warning (13410): Pin "HEX3[1]" is stuck at VCC
    Warning (13410): Pin "HEX5[6]" is stuck at VCC
    Warning (13410): Pin "HEX6[6]" is stuck at VCC
    Warning (13410): Pin "HEX7[6]" is stuck at VCC
    Warning (13410): Pin "HEX7[5]" is stuck at VCC
    Warning (13410): Pin "HEX7[4]" is stuck at VCC
    Warning (13410): Pin "HEX7[3]" is stuck at VCC
    Warning (13410): Pin "HEX7[2]" is stuck at VCC
    Warning (13410): Pin "HEX7[1]" is stuck at VCC
    Warning (13410): Pin "HEX7[0]" is stuck at VCC
Info (17049): 4 registers lost all their fanouts during netlist optimizations.
Info (16010): Generating hard_block partition "hard_block:auto_generated_inst"
    Info (16011): Adding 0 node(s), including 0 DDIO, 0 PLL, 0 transceiver and 0 LCELL
Warning (21074): Design contains 32 input pin(s) that do not drive logic
    Warning (15610): No output dependent on input pin "GPIO_1[35]"
    Warning (15610): No output dependent on input pin "GPIO_1[34]"
    Warning (15610): No output dependent on input pin "GPIO_1[33]"
    Warning (15610): No output dependent on input pin "GPIO_1[32]"
    Warning (15610): No output dependent on input pin "GPIO_1[31]"
    Warning (15610): No output dependent on input pin "GPIO_1[30]"
    Warning (15610): No output dependent on input pin "GPIO_1[29]"
    Warning (15610): No output dependent on input pin "GPIO_1[28]"
    Warning (15610): No output dependent on input pin "GPIO_1[27]"
    Warning (15610): No output dependent on input pin "GPIO_1[26]"
    Warning (15610): No output dependent on input pin "GPIO_1[25]"
    Warning (15610): No output dependent on input pin "GPIO_1[24]"
    Warning (15610): No output dependent on input pin "GPIO_1[23]"
    Warning (15610): No output dependent on input pin "GPIO_1[22]"
    Warning (15610): No output dependent on input pin "GPIO_1[21]"
    Warning (15610): No output dependent on input pin "GPIO_1[20]"
    Warning (15610): No output dependent on input pin "GPIO_1[19]"
    Warning (15610): No output dependent on input pin "GPIO_1[18]"
    Warning (15610): No output dependent on input pin "GPIO_1[16]"
    Warning (15610): No output dependent on input pin "GPIO_1[14]"
    Warning (15610): No output dependent on input pin "GPIO_1[12]"
    Warning (15610): No output dependent on input pin "GPIO_1[10]"
    Warning (15610): No output dependent on input pin "GPIO_1[9]"
    Warning (15610): No output dependent on input pin "GPIO_1[8]"
    Warning (15610): No output dependent on input pin "GPIO_1[7]"
    Warning (15610): No output dependent on input pin "GPIO_1[6]"
    Warning (15610): No output dependent on input pin "GPIO_1[5]"
    Warning (15610): No output dependent on input pin "GPIO_1[4]"
    Warning (15610): No output dependent on input pin "GPIO_1[3]"
    Warning (15610): No output dependent on input pin "GPIO_1[2]"
    Warning (15610): No output dependent on input pin "GPIO_1[1]"
    Warning (15610): No output dependent on input pin "GPIO_1[0]"
Info (21057): Implemented 468 device resources after synthesis - the final resource count might be different
    Info (21058): Implemented 38 input pins
    Info (21059): Implemented 57 output pins
    Info (21061): Implemented 373 logic cells
Info: Quartus II 32-bit Analysis & Synthesis was successful. 0 errors, 68 warnings
    Info: Peak virtual memory: 354 megabytes
    Info: Processing ended: Thu Jul 11 12:37:33 2019
    Info: Elapsed time: 00:00:05
    Info: Total CPU time (on all processors): 00:00:05


